[32mINFO[39m  System info[90m {"apifyVersion":"3.7.2","apifyClientVersion":"2.25.0","crawleeVersion":"3.18.2","osType":"Linux","nodeVersion":"v20.20.2"}[39m
[33mWARN[39m [33m ProxyConfiguration:[39m No proxy password or token detected, running without proxy. To use Apify Proxy locally, provide options.password or "APIFY_PROXY_PASSWORD" environment variable. You can also provide your Apify token via the "APIFY_TOKEN" environment variable, so that the SDK can fetch the proxy password from Apify API, when APIFY_PROXY_PASSWORD is not defined
[33mWARN[39m [33m ProxyConfiguration:[39m Invalid password provided: User not found.
[33mWARN[39m [33m ProxyConfiguration:[39m No proxy password or token detected, running without proxy. To use Apify Proxy locally, provide options.password or "APIFY_PROXY_PASSWORD" environment variable. You can also provide your Apify token via the "APIFY_TOKEN" environment variable, so that the SDK can fetch the proxy password from Apify API, when APIFY_PROXY_PASSWORD is not defined
[33mWARN[39m [33m ProxyConfiguration:[39m Invalid password provided: User not found.
[33mWARN[39m  Apify Proxy unavailable - connecting directly. Expect CAPTCHAs/blocks beyond a handful of requests.
[32mINFO[39m  Google Maps Leads Searcher starting: 2 query(ies), 0 direct place URL(s), up to 3 results per query, details=true, concurrency=2, proxy=direct
[32mINFO[39m  [Status message]: Crawling Google Maps...
[32mINFO[39m [33m PlaywrightCrawler:[39m Starting the crawler.
[33mWARN[39m [33m PlaywrightCrawler:AutoscaledPool:Snapshotter:[39m Memory is critically overloaded. Using 711 MB of 512 MB (139%). Consider increasing available memory.
[33mWARN[39m [33m PlaywrightCrawler:[39m Reclaiming failed request back to the list or queue. page.goto: Target page, context or browser has been closed
[90m {"id":"FTf87fG9yB3yCct","url":"https://www.google.com/maps/search/Dentists%20in%20New%20York%2C%20NY?hl=en","retryCount":1}[39m
[32mINFO[39m [33m PlaywrightCrawler:[39m Query "Coffee shops in Brooklyn, NY": enqueued 3 place detail page(s) (of 6 cards).
[32mINFO[39m [33m PlaywrightCrawler:[39m Query "Dentists in New York, NY": enqueued 3 place detail page(s) (of 6 cards).
[33mWARN[39m [33m PlaywrightCrawler:AutoscaledPool:Snapshotter:[39m Memory is critically overloaded. Using 617 MB of 512 MB (121%). Consider increasing available memory.
[33mWARN[39m  Ignored attempt to charge for an event - the Actor does not use the pay-per-event pricing
[32mINFO[39m  [Status message]: Saved 1 place(s), 0 failed (2/2 queries done)
[32mINFO[39m  [Status message]: Saved 2 place(s), 0 failed (2/2 queries done)
[33mWARN[39m [33m PlaywrightCrawler:AutoscaledPool:Snapshotter:[39m Memory is critically overloaded. Using 625 MB of 512 MB (122%). Consider increasing available memory.
[32mINFO[39m  [Status message]: Saved 3 place(s), 0 failed (2/2 queries done)
[32mINFO[39m  [Status message]: Saved 4 place(s), 0 failed (2/2 queries done)
[33mWARN[39m [33m PlaywrightCrawler:AutoscaledPool:Snapshotter:[39m Memory is critically overloaded. Using 786 MB of 512 MB (154%). Consider increasing available memory.
[32mINFO[39m  [Status message]: Saved 5 place(s), 0 failed (2/2 queries done)
[32mINFO[39m  [Status message]: Saved 6 place(s), 0 failed (2/2 queries done)
[32mINFO[39m [33m PlaywrightCrawler:[39m All requests from the queue have been processed, the crawler will shut down.
[32mINFO[39m [33m PlaywrightCrawler:[39m Final request statistics:[90m {"requestsFinished":8,"requestsFailed":0,"retryHistogram":[7,1],"requestAvgFailedDurationMillis":null,"requestAvgFinishedDurationMillis":4636,"requestsFinishedPerMinute":13,"requestsFailedPerMinute":0,"requestTotalDurationMillis":37087,"requestsTotal":8,"crawlerRuntimeMillis":38178}[39m
[32mINFO[39m [33m PlaywrightCrawler:[39m Finished! Total 8 requests: 8 succeeded, 0 failed.[90m {"terminal":true}[39m
[32mINFO[39m  [Status message]: Finished: 6 place(s) saved (6 ok, 0 partial), 0 failed.
